============================================================
  Source     : Scrapers/phoenixrising_recall_targets.txt
  Targets    : 17  |  to scrape now: 17
  Delay      : 2.0s   |  Output: output/phoenixrising_recall_posts.json
============================================================
  [1/17] https://forums.phoenixrising.me/threads/my-recovery-protocol-ways-to-improve-it-anymore.29129/
        OP + 47 replies over 3 page(s) — "My recovery protocol, ways to improve it anymore?"
  [2/17] https://forums.phoenixrising.me/threads/list-of-supplements-and-drugs-that-improve-me-cfs-within-hours-or-days.93370/
        OP + 34 replies over 2 page(s) — "List of supplements and drugs that improve ME/CFS within hou"
  [3/17] https://forums.phoenixrising.me/threads/has-anyone-made-significant-improvement.82591/
        OP + 9 replies over 1 page(s) — "Has anyone made significant improvement?"
  [4/17] https://forums.phoenixrising.me/threads/full-recovery-is-it-possible.52201/
        OP + 65 replies over 4 page(s) — "Full recovery- is it possible???"
  [5/17] https://forums.phoenixrising.me/threads/more-fatigue-with-famciclovir-i-must-continue.62773/
        OP + 16 replies over 1 page(s) — "More fatigue with Famciclovir. I must continue?"
  [6/17] https://forums.phoenixrising.me/threads/carmen-scheibenbogen-me-cfs-symposium-2026-therapiestudien-zu-me-cfs-und-pcs.94585/
        OP + 8 replies over 1 page(s) — "Carmen Scheibenbogen | ME/CFS Symposium 2026: Therapiestudie"
  [7/17] https://forums.phoenixrising.me/threads/comprehensive-long-covid-treatments-guide.94352/
        OP + 27 replies over 2 page(s) — "Comprehensive Long COVID Treatments Guide"
  [8/17] https://forums.phoenixrising.me/threads/started-equilibrant.9908/
        OP + 36 replies over 2 page(s) — "Started Equilibrant..."
  [9/17] https://forums.phoenixrising.me/threads/me-cfs-alert-latest-episode-exercise-intolerance.60629/
        OP + 40 replies over 3 page(s) — "ME/CFS alert latest episode (exercise intolerance)"
  [10/17] https://forums.phoenixrising.me/threads/about-to-try-mestonin-any-tips.93021/
        OP + 6 replies over 1 page(s) — "About to try Mestonin// Any Tips?"
  [11/17] https://forums.phoenixrising.me/threads/treatments-to-explore.93289/
        OP + 5 replies over 1 page(s) — "Treatments to Explore"
  [12/17] https://forums.phoenixrising.me/threads/can-dysautonomia-be-reversed.80337/
        OP + 35 replies over 2 page(s) — "Can dysautonomia be reversed?"
  [13/17] https://forums.phoenixrising.me/threads/does-midodrine-often-raise-only-diastolic-blood-pressure.40361/
        OP + 21 replies over 2 page(s) — "Does Midodrine often raise only diastolic blood pressure?"
  [14/17] https://forums.phoenixrising.me/threads/list-of-me-cfs-recovery-and-improvement-stories.80502/
        OP + 274 replies over 14 page(s) — "List of ME/CFS Recovery and Improvement Stories"
  [15/17] https://forums.phoenixrising.me/threads/what-is-there-to-try-next.84547/
        OP + 53 replies over 3 page(s) — "What is there to try next?"
  [16/17] https://forums.phoenixrising.me/threads/orthostatic-intolerance-pots-hypotension-and-more-webinar-with-professor-peter-rowe-19-10-21.86035/
        OP + 21 replies over 2 page(s) — "Orthostatic intolerance: POTS, hypotension and more. Webinar"
  [17/17] https://forums.phoenixrising.me/threads/results-of-the-german-cell-trend-laboratory-for-pots.62366/
        OP + 56 replies over 3 page(s) — "Results of the German Cell Trend laboratory for POTS"
============================================================
  Done. 17 threads, 753 replies.
  Posts : output/phoenixrising_recall_posts.json
  Meta  : output/phoenixrising_recall_metadata.json
============================================================
