============================================================
  Source     : Scrapers/phoenixrising_targets.txt
  Targets    : 276  |  to scrape now: 276
  Delay      : 2.0s   |  Output: output/phoenixrising_posts.json
============================================================
  [1/276] https://forums.phoenixrising.me/threads/9-days-on-ldn-still-tired-and-spacey.40163/
        OP + 12 replies over 1 page(s) — "9 days on ldn, still tired and spacey"
  [2/276] https://forums.phoenixrising.me/threads/advice-for-going-off-of-low-dose-naltrexone.92073/
        OP + 12 replies over 1 page(s) — "Advice for going off of low-dose naltrexone?"
  [3/276] https://forums.phoenixrising.me/threads/an-update-on-the-mestinon-clinical-trial.81375/
        OP + 27 replies over 2 page(s) — "An Update on the Mestinon Clinical Trial"
  [4/276] https://forums.phoenixrising.me/threads/anxiety-agitation-caused-by-ldn.11373/
        OP + 10 replies over 1 page(s) — "anxiety/agitation caused by LDN"
  [5/276] https://forums.phoenixrising.me/threads/any-dr-systrom-patients-here-mestinon-pyridostigmine-bromide-and-safety-profile.85198/
        OP + 27 replies over 2 page(s) — "Any Dr. Systrom patients here? - Mestinon (Pyridostigmine br"
  [6/276] https://forums.phoenixrising.me/threads/any-good-no-prescription-pharmacies-that-sell-low-dose-naltrexone.84447/
        OP + 9 replies over 1 page(s) — "Any good no prescription pharmacies that sell Low Dose Naltr"
  [7/276] https://forums.phoenixrising.me/threads/anybody-else-get-bells-palsy-shortly-after-starting-mestinon.62491/
        OP + 3 replies over 1 page(s) — "Anybody else get Bell's Palsy shortly after starting Mestino"
  [8/276] https://forums.phoenixrising.me/threads/anyone-experience-anxiety-on-ldn-and-just-push-through-it.42666/
        OP + 12 replies over 1 page(s) — "Anyone experience anxiety on LDN and just push through it??"
  [9/276] https://forums.phoenixrising.me/threads/anyone-tried-pyridostigmine.37569/
        OP + 8 replies over 1 page(s) — "Anyone tried Pyridostigmine"
  [10/276] https://forums.phoenixrising.me/threads/are-there-any-known-drawbacks-to-ldn-brain-opiate-receptors.92998/
        OP + 14 replies over 1 page(s) — "Are there any known drawbacks to LDN (brain opiate receptors"
  [11/276] https://forums.phoenixrising.me/threads/asking-for-daily-support-to-promote-ldn-only-until-april-25th.9744/
        OP + 9 replies over 1 page(s) — "Asking for (Daily) Support to promote LDN only until April 2"
  [12/276] https://forums.phoenixrising.me/threads/best-time-of-day-to-take-ldn.92342/
        OP + 26 replies over 2 page(s) — "Best time of day to take LDN?"
  [13/276] https://forums.phoenixrising.me/threads/can-increasing-endorphins-naturally-outperform-ldn-low-dose-naltrexone-spices-sun-music-meditation-laughing-autoimmunity.77681/
        OP + 3 replies over 1 page(s) — "Can increasing endorphins naturally outperform LDN (low dose"
  [14/276] https://forums.phoenixrising.me/threads/can-ldn-help-fatigue-or-just-other-issues-such-as-pain.87988/
        OP + 8 replies over 1 page(s) — "Can LDN help fatigue or just other issues such as pain?"
  [15/276] https://forums.phoenixrising.me/threads/can-ldn-lower-cortisol.42051/
        OP + 0 replies over 1 page(s) — "Can LDN lower cortisol?"
  [16/276] https://forums.phoenixrising.me/threads/can-ldn-make-you-feel-cold.48102/
        OP + 0 replies over 1 page(s) — "Can LDN make you feel cold?"
  [17/276] https://forums.phoenixrising.me/threads/can-ldn-worsen-fibromyalgia.41361/
        OP + 7 replies over 1 page(s) — "can LDN worsen fibromyalgia?"
  [18/276] https://forums.phoenixrising.me/threads/can-liquid-ldn-be-frozen.41052/
        OP + 5 replies over 1 page(s) — "Can liquid LDN be frozen?"
  [19/276] https://forums.phoenixrising.me/threads/can-you-take-immunovir-or-inosine-and-ldn.20552/
        OP + 12 replies over 1 page(s) — "can you take immunovir or inosine and ldn?"
  [20/276] https://forums.phoenixrising.me/threads/canada-university-of-calgary-trial-for-ldn-in-pots.92739/
        OP + 4 replies over 1 page(s) — "Canada - University of Calgary trial for LDN in POTS"
  [21/276] https://forums.phoenixrising.me/threads/case-study-successful-treatment-of-pots-and-mcas-using-ldn-ivig-and-antibiotic-treatment-1-11-18.57168/
        OP + 9 replies over 1 page(s) — "Case Study: Successful treatment of POTS and MCAS using LDN,"
  [22/276] https://forums.phoenixrising.me/threads/celltrend-and-ldn.75430/
        OP + 13 replies over 1 page(s) — "CellTrend and LDN"
  [23/276] https://forums.phoenixrising.me/threads/cheapest-source-of-naltrexone-online.16041/
        OP + 7 replies over 1 page(s) — "Cheapest source of Naltrexone, online?"
  [24/276] https://forums.phoenixrising.me/threads/chills-from-mestinon.58110/
        OP + 5 replies over 1 page(s) — "Chills from Mestinon?"
  [25/276] https://forums.phoenixrising.me/threads/chris-kresser-on-low-dose-naltrexone-ldn.36808/
        OP + 3 replies over 1 page(s) — "Chris Kresser on Low Dose Naltrexone (LDN)"
  [26/276] https://forums.phoenixrising.me/threads/comparing-ldn-to-oxymatrine.78487/
        OP + 4 replies over 1 page(s) — "comparing LDN to oxymatrine"
  [27/276] https://forums.phoenixrising.me/threads/confirmation-low-dose-naltrexone-ldn-eases-fibromyalgia-pain-february-27-2012.15893/
        OP + 1 replies over 1 page(s) — "Confirmation: Low-Dose Naltrexone (LDN) Eases Fibromyalgia P"
  [28/276] https://forums.phoenixrising.me/threads/cost-benefit-analysis-of-ampligen-gcmaf-nexavir-mold-avoidance-ldn.9446/
        OP + 9 replies over 1 page(s) — "Cost Benefit Analysis of Ampligen, GcMaf+Nexavir, Mold Avoid"
  [29/276] https://forums.phoenixrising.me/threads/covid-ebv-or-ldn-looking-for-advice.87358/
        OP + 4 replies over 1 page(s) — "Covid, EBV or LDN? Looking for advice"
  [30/276] https://forums.phoenixrising.me/threads/day-2-of-ldn-and-feel-like-c-p.40000/
        OP + 24 replies over 2 page(s) — "Day 2 of ldn and feel like c**p"
  [31/276] https://forums.phoenixrising.me/threads/day-seven-on-ldn.44036/
        OP + 90 replies over 5 page(s) — "Day Seven on LDN"
  [32/276] https://forums.phoenixrising.me/threads/depressed-about-ldn.40352/
        OP + 21 replies over 2 page(s) — "depressed about LDN"
  [33/276] https://forums.phoenixrising.me/threads/depression-on-naltrexone.46634/
        OP + 21 replies over 2 page(s) — "Depression on Naltrexone"
  [34/276] https://forums.phoenixrising.me/threads/dextro-naltrexone.84040/
        OP + 4 replies over 1 page(s) — "Dextro-naltrexone"
  [35/276] https://forums.phoenixrising.me/threads/did-ldn-help-your-pots.47798/
        OP + 3 replies over 1 page(s) — "Did LDN help your POTS?"
  [36/276] https://forums.phoenixrising.me/threads/do-you-take-ldn-and-also-have-hashimotos.40553/
        OP + 11 replies over 1 page(s) — "Do you take LDN and also have Hashimoto's?"
  [37/276] https://forums.phoenixrising.me/threads/doctor-in-colorado-or-wyoming-area-who-prescribes-low-dose-naltrexone.19686/
        OP + 1 replies over 1 page(s) — "Doctor in Colorado or Wyoming area who Prescribes Low Dose N"
  [38/276] https://forums.phoenixrising.me/threads/does-anybody-inject-ldn.79377/
        OP + 9 replies over 1 page(s) — "Does anybody inject LDN?"
  [39/276] https://forums.phoenixrising.me/threads/does-anyone-consider-ldn-to-be-a-cure.13807/
        OP + 9 replies over 1 page(s) — "Does anyone consider LDN to be a cure??"
  [40/276] https://forums.phoenixrising.me/threads/does-anyone-else-get-rebound-pain-from-ldn.37935/
        OP + 0 replies over 1 page(s) — "does anyone else get rebound pain from LDN?"
  [41/276] https://forums.phoenixrising.me/threads/does-anyone-have-any-experience-with-mestinon-for-pots.43546/
        OP + 3 replies over 1 page(s) — "Does anyone have any experience with Mestinon for POTS?"
  [42/276] https://forums.phoenixrising.me/threads/does-dr-rey-prescribe-ldn.23597/
        OP + 12 replies over 1 page(s) — "Does Dr. Rey prescribe LDN?"
  [43/276] https://forums.phoenixrising.me/threads/does-ldn-lose-its-effectiveness-over-the-long-term.54434/
        OP + 4 replies over 1 page(s) — "Does LDN lose it's effectiveness over the long term?"
  [44/276] https://forums.phoenixrising.me/threads/does-ldn-make-you-tired-if-so-did-adjusting-the-dosage-help.36989/
        OP + 18 replies over 1 page(s) — "Does LDN make you tired? If so, did adjusting the dosage hel"
  [45/276] https://forums.phoenixrising.me/threads/does-low-dose-naltrexone-ldn-reduce-inflammation.33316/
        OP + 44 replies over 3 page(s) — "Does Low Dose Naltrexone (LDN) reduce inflammation?"
  [46/276] https://forums.phoenixrising.me/threads/does-mestinon-work-for-neurally-mediated-hypotension.79649/
        OP + 0 replies over 1 page(s) — "Does Mestinon work for Neurally-Mediated Hypotension"
  [47/276] https://forums.phoenixrising.me/threads/does-the-low-dose-naltrexone-mechanism-extend-to-other-drugs.77310/
        OP + 3 replies over 1 page(s) — "Does the Low Dose Naltrexone mechanism extend to other drugs"
  [48/276] https://forums.phoenixrising.me/threads/does-you-need-to-take-ldn-at-4-5-to-have-any-benefit.35918/
        OP + 13 replies over 1 page(s) — "Does you need to take LDN at 4.5 to have any benefit?"
  [49/276] https://forums.phoenixrising.me/threads/dr-chia-modulator-vs-ldn.336/
        OP + 0 replies over 1 page(s) — "Dr.Chia Modulator vs.LDN"
  [50/276] https://forums.phoenixrising.me/threads/dr-teitelbaum-ldn.3615/
        OP + 28 replies over 2 page(s) — "Dr Teitelbaum & LDN"
  [51/276] https://forums.phoenixrising.me/threads/eds-patient-struggles-with-opioid-withdrawal-finally-discovers-ldn.78146/
        OP + 0 replies over 1 page(s) — "EDS patient struggles with opioid withdrawal—finally discove"
  [52/276] https://forums.phoenixrising.me/threads/equilibrant-and-ldn.44076/
        OP + 4 replies over 1 page(s) — "Equilibrant and LDN"
  [53/276] https://forums.phoenixrising.me/threads/experiences-with-ldn.82024/
        OP + 2 replies over 1 page(s) — "Experiences with LDN"
  [54/276] https://forums.phoenixrising.me/threads/experiences-with-transdermal-ldn.55921/
        OP + 7 replies over 1 page(s) — "Experiences with transdermal LDN"
  [55/276] https://forums.phoenixrising.me/threads/famciclovir-and-ldn-for-ebv-and-hhv-6.57130/
        OP + 10 replies over 1 page(s) — "Famciclovir and ldn for ebv and hhv-6"
  [56/276] https://forums.phoenixrising.me/threads/famvir-vs-valcyte-vs-ldn.2416/
        OP + 2 replies over 1 page(s) — "famvir vs. valcyte vs LDN"
  [57/276] https://forums.phoenixrising.me/threads/for-those-who-got-worse-with-mestinon.78121/
        OP + 19 replies over 1 page(s) — "for those who got worse with mestinon"
  [58/276] https://forums.phoenixrising.me/threads/further-scientific-research-on-ldn.89027/
        OP + 14 replies over 1 page(s) — "Further scientific research on LDN"
  [59/276] https://forums.phoenixrising.me/threads/gcmaf-ldn-gcmaf-antivirals.22682/
        OP + 3 replies over 1 page(s) — "GcMAF + LDN? GcMAF + Antivirals?"
  [60/276] https://forums.phoenixrising.me/threads/glands-permanently-up-after-ldn-infection-or-reaction-to-ldn.89855/
        OP + 0 replies over 1 page(s) — "Glands permanently up after LDN - infection or reaction to L"
  [61/276] https://forums.phoenixrising.me/threads/go-for-pyridostigmine-and-fludrocortisone-experiences.61289/
        OP + 2 replies over 1 page(s) — "Go for Pyridostigmine and Fludrocortisone - EXPERIENCES?"
  [62/276] https://forums.phoenixrising.me/threads/griffith-university-in-australia-is-looking-for-patients-who-have-taken-low-dose-naltrexone.78200/
        OP + 0 replies over 1 page(s) — "Griffith University in Australia is looking for patients who"
  [63/276] https://forums.phoenixrising.me/threads/has-anyone-suffered-a-long-term-relapse-from-being-on-ldn.10248/
        OP + 7 replies over 1 page(s) — "Has anyone suffered a long term relapse from being on LDN?"
  [64/276] https://forums.phoenixrising.me/threads/has-anyone-tried-dr-vanelzakkers-treatment-protocol-famvir-ibudilast-vns-mestinon-celebrex.56547/
        OP + 18 replies over 1 page(s) — "Has anyone tried Dr VanElzakker's treatment protocol? (Famvi"
  [65/276] https://forums.phoenixrising.me/threads/has-anyone-tried-or-heard-anyone-try-low-dose-nalmefene-a-better-ldn.93539/
        OP + 8 replies over 1 page(s) — "Has anyone tried or heard anyone try Low Dose Nalmefene (a ""
  [66/276] https://forums.phoenixrising.me/threads/help-bad-neck-cramps-on-ldn.3562/
        OP + 19 replies over 1 page(s) — "Help, bad neck cramps on ldn"
  [67/276] https://forums.phoenixrising.me/threads/help-with-ideas-on-prokinetics-for-gastroparesis-and-advice-on-mestinon.77214/
        OP + 29 replies over 2 page(s) — "Help with ideas on prokinetics for gastroparesis and advice "
  [68/276] https://forums.phoenixrising.me/threads/how-long-before-low-dose-naltrexone-works.25579/
        OP + 65 replies over 4 page(s) — "How long before low dose naltrexone works?"
  [69/276] https://forums.phoenixrising.me/threads/how-long-does-mestinon-take-to-show-benefits.92385/
        OP + 74 replies over 4 page(s) — "How long does Mestinon take to show benefits?"
  [70/276] https://forums.phoenixrising.me/threads/how-long-does-mestinon-take-to-work.87856/
        OP + 13 replies over 1 page(s) — "How long does Mestinon take to work?"
  [71/276] https://forums.phoenixrising.me/threads/how-to-convince-my-doctor-to-look-into-ldn.17747/
        OP + 6 replies over 1 page(s) — "How to convince my doctor to look into LDN?"
  [72/276] https://forums.phoenixrising.me/threads/how-to-make-your-own-low-dose-naltrexone.86866/
        OP + 3 replies over 1 page(s) — "How to Make Your Own Low Dose Naltrexone"
  [73/276] https://forums.phoenixrising.me/threads/how-to-source-reputable-compounding-pharmacy-for-ldn.84183/
        OP + 3 replies over 1 page(s) — "How To Source Reputable Compounding Pharmacy For LDN?"
  [74/276] https://forums.phoenixrising.me/threads/hypnic-jerks-myoclonus-after-ldn-and-antihistamine.60548/
        OP + 10 replies over 1 page(s) — "Hypnic Jerks (Myoclonus) After LDN and Antihistamine"
  [75/276] https://forums.phoenixrising.me/threads/i-just-wanted-to-show-briefly-the-comparison-of-caryophyllene-and-ldn.88081/
        OP + 13 replies over 1 page(s) — "I just wanted to show briefly the comparison of Caryophyllen"
  [76/276] https://forums.phoenixrising.me/threads/i-thought-low-dose-naltrexone-was-generic-and-not-expensive.26675/
        OP + 19 replies over 1 page(s) — "I thought low dose naltrexone was generic and not expensive"
  [77/276] https://forums.phoenixrising.me/threads/impaired-trpm3-dependent-calcium-influx-and-restoration-using-naltrexone-in-natural-killer-cells-of-myalgic-encephalomyeli-eaton-fitch-et-al-2022.87028/
        OP + 7 replies over 1 page(s) — "Impaired TRPM3-dependent calcium influx and restoration usin"
  [78/276] https://forums.phoenixrising.me/threads/inosine-ldn.4955/
        OP + 8 replies over 1 page(s) — "Inosine & LDN"
  [79/276] https://forums.phoenixrising.me/threads/intense-cramping-after-20mg-of-mestinon-anyone-else.84122/
        OP + 28 replies over 2 page(s) — "Intense cramping after 20mg of mestinon. Anyone else?"
  [80/276] https://forums.phoenixrising.me/threads/irmat-vs-gideon-pharmacy-for-low-dose-naltrexone-in-nyc.2897/
        OP + 6 replies over 1 page(s) — "Irmat vs. Gideon Pharmacy for Low Dose Naltrexone in NYC?"
  [81/276] https://forums.phoenixrising.me/threads/is-anyone-on-ldn-for-pain.38113/
        OP + 43 replies over 3 page(s) — "Is Anyone on LDN for pain?"
  [82/276] https://forums.phoenixrising.me/threads/is-ldn-a-lifelong-treatment-if-it-helps.10184/
        OP + 2 replies over 1 page(s) — "Is LDN a lifelong treatment if it helps?"
  [83/276] https://forums.phoenixrising.me/threads/is-ldn-really-causing-all-of-this.91537/
        OP + 6 replies over 1 page(s) — "Is LDN really causing all of this?"
  [84/276] https://forums.phoenixrising.me/threads/is-naltrexone-a-vasodilator-edit-probably-not.92760/
        OP + 17 replies over 1 page(s) — "Is naltrexone a vasodilator? [Edit: Probably not]"
  [85/276] https://forums.phoenixrising.me/threads/it-seems-that-acetyl-l-carnitine-low-dose-naltrexone-ldn-or-the-combination-of-both-helps-my-body-extract-energy-from-apples.93322/
        OP + 8 replies over 1 page(s) — "It seems that acetyl-L-carnitine, low-dose naltrexone (LDN),"
  [86/276] https://forums.phoenixrising.me/threads/jared-younger-video-will-nalfemene-be-better-than-naltrexone-ldn-for-neuro-inflammation.93171/
        OP + 2 replies over 1 page(s) — "Jared Younger video “Will nalfemene be better than naltrexon"
  [87/276] https://forums.phoenixrising.me/threads/jarred-youngers-ldn-pilot-study-now-recruiting-blinded-placebo-trial.48291/
        OP + 1 replies over 1 page(s) — "Jarred Younger's LDN pilot study now recruiting / blinded pl"
  [88/276] https://forums.phoenixrising.me/threads/just-crashed-could-ldn-have-nullified-immunomodulatory-effects-of-probiotics.89670/
        OP + 20 replies over 2 page(s) — "(Just crashed) Could LDN have nullified immunomodulatory eff"
  [89/276] https://forums.phoenixrising.me/threads/just-started-ldn-and-would-like-some-feedback.39010/
        OP + 10 replies over 1 page(s) — "Just Started LDN and Would Like Some Feedback"
  [90/276] https://forums.phoenixrising.me/threads/klimas-patient-video-about-valtrex-ldn-and-imunovir.26713/
        OP + 21 replies over 2 page(s) — "Klimas patient Video about Valtrex, LDN and Imunovir"
  [91/276] https://forums.phoenixrising.me/threads/ld-naltrexone-with-xanax-how-about-red-wine-success-stories.39222/
        OP + 5 replies over 1 page(s) — "LD naltrexone with xanax?  How about red wine?  Success stor"
  [92/276] https://forums.phoenixrising.me/threads/ldn-2-new-places-to-get-online.42210/
        OP + 8 replies over 1 page(s) — "LDN - 2 new places to get online"
  [93/276] https://forums.phoenixrising.me/threads/ldn-an-immunosuppressant.61194/
        OP + 3 replies over 1 page(s) — "LDN an immunosuppressant?"
  [94/276] https://forums.phoenixrising.me/threads/ldn-and-adrenals.77537/
        OP + 1 replies over 1 page(s) — "LDN and 'adrenals'"
  [95/276] https://forums.phoenixrising.me/threads/ldn-and-anesthesia.32241/
        OP + 6 replies over 1 page(s) — "LDN and anesthesia ???"
  [96/276] https://forums.phoenixrising.me/threads/ldn-and-branched-chain-amino-acids-bcaa-together.48985/
        OP + 4 replies over 1 page(s) — "LDN and Branched Chain Amino Acids (BCAA) together?"
  [97/276] https://forums.phoenixrising.me/threads/ldn-and-eds-any-success-stories.50162/
        OP + 0 replies over 1 page(s) — "LDN and EDS?  Any success stories ??"
  [98/276] https://forums.phoenixrising.me/threads/ldn-and-glutamate.33033/
        OP + 10 replies over 1 page(s) — "LDN and Glutamate."
  [99/276] https://forums.phoenixrising.me/threads/ldn-and-gut-motility.37304/
        OP + 19 replies over 1 page(s) — "LDN and gut motility"
  [100/276] https://forums.phoenixrising.me/threads/ldn-and-massive-diarrhea.26346/
        OP + 20 replies over 2 page(s) — "LDN and massive Diarrhea"
  [101/276] https://forums.phoenixrising.me/threads/ldn-and-sleep.57895/
        OP + 3 replies over 1 page(s) — "LDN and sleep"
  [102/276] https://forums.phoenixrising.me/threads/ldn-and-ssri.39591/
        OP + 2 replies over 1 page(s) — "LDN and SSRI"
  [103/276] https://forums.phoenixrising.me/threads/ldn-and-wellbutrin-for-weight-loss.19434/
        OP + 14 replies over 1 page(s) — "LDN and Wellbutrin for Weight Loss."
  [104/276] https://forums.phoenixrising.me/threads/ldn-and-what-to-expect.92761/
        OP + 41 replies over 3 page(s) — "LDN and what to expect"
  [105/276] https://forums.phoenixrising.me/threads/ldn-and-xmrv.3445/
        OP + 6 replies over 1 page(s) — "LDN and XMRV"
  [106/276] https://forums.phoenixrising.me/threads/ldn-anyone-go-backwards-in-dose.81840/
        OP + 10 replies over 1 page(s) — "LDN.  Anyone go backwards in dose?"
  [107/276] https://forums.phoenixrising.me/threads/ldn-becoming-fda-approved-drug.50698/
        OP + 15 replies over 1 page(s) — "LDN Becoming FDA-approved Drug?"
  [108/276] https://forums.phoenixrising.me/threads/ldn-brain-fog.47521/
        OP + 24 replies over 2 page(s) — "LDN &  Brain Fog"
  [109/276] https://forums.phoenixrising.me/threads/ldn-causing-jaw-clenching.60338/
        OP + 3 replies over 1 page(s) — "LDN causing jaw clenching ?"
  [110/276] https://forums.phoenixrising.me/threads/ldn-cbd.48688/
        OP + 8 replies over 1 page(s) — "LDN & CBD"
  [111/276] https://forums.phoenixrising.me/threads/ldn-colostrum.62723/
        OP + 2 replies over 1 page(s) — "LDN + Colostrum"
  [112/276] https://forums.phoenixrising.me/threads/ldn-combined-with-other-cfs-treatments.81039/
        OP + 4 replies over 1 page(s) — "LDN - combined with other CFS treatments"
  [113/276] https://forums.phoenixrising.me/threads/ldn-conference-glasgow-24th-april-2010-focused-on-cfs-and-fm.2912/
        OP + 5 replies over 1 page(s) — "LDN Conference Glasgow 24th April 2010 (focused on CFS and F"
  [114/276] https://forums.phoenixrising.me/threads/ldn-d-phenylalanine-anyone-else-tried-it.31486/
        OP + 8 replies over 1 page(s) — "LDN+d-phenylalanine. anyone else tried it?"
  [115/276] https://forums.phoenixrising.me/threads/ldn-experiences.20988/
        OP + 30 replies over 2 page(s) — "LDN Experiences"
  [116/276] https://forums.phoenixrising.me/threads/ldn-for-autoimmune-thyroid-disease-poll-link.41069/
        OP + 2 replies over 1 page(s) — "LDN for Autoimmune Thyroid Disease - Poll Link"
  [117/276] https://forums.phoenixrising.me/threads/ldn-for-cognition.37930/
        OP + 13 replies over 1 page(s) — "LDN for cognition"
  [118/276] https://forums.phoenixrising.me/threads/ldn-for-plmd.52954/
        OP + 2 replies over 1 page(s) — "LDN for PLMD?"
  [119/276] https://forums.phoenixrising.me/threads/ldn-gcmaf-combination.79883/
        OP + 1 replies over 1 page(s) — "LDN & GcMAF combination?"
  [120/276] https://forums.phoenixrising.me/threads/ldn-good-and-bad-need-some-advice.43163/
        OP + 3 replies over 1 page(s) — "LDN good and bad, need some advice"
  [121/276] https://forums.phoenixrising.me/threads/ldn-helps-but-causing-anhedonia.93349/
        OP + 8 replies over 1 page(s) — "Ldn helps but causing anhedonia"
  [122/276] https://forums.phoenixrising.me/threads/ldn-herxheimer-or-immune-flare.12327/
        OP + 7 replies over 1 page(s) — "LDN - herxheimer or immune flare?"
  [123/276] https://forums.phoenixrising.me/threads/ldn-i-am-afraid-to-take-this.7344/
        OP + 18 replies over 1 page(s) — "LDN- I am afraid to take this....."
  [124/276] https://forums.phoenixrising.me/threads/ldn-in-the-morning.28279/
        OP + 4 replies over 1 page(s) — "LDN in the morning"
  [125/276] https://forums.phoenixrising.me/threads/ldn-info.24624/
        OP + 0 replies over 1 page(s) — "LDN info"
  [126/276] https://forums.phoenixrising.me/threads/ldn-input.45363/
        OP + 2 replies over 1 page(s) — "LDN Input"
  [127/276] https://forums.phoenixrising.me/threads/ldn-international-conference-to-raise-awareness-about-a-ground-breaking-drug.30594/
        OP + 2 replies over 1 page(s) — "LDN: International Conference to Raise Awareness about a Gro"
  [128/276] https://forums.phoenixrising.me/threads/ldn-is-an-immunomodulator-should-it-be-pulsed.20425/
        OP + 7 replies over 1 page(s) — "LDN is an immunomodulator; should it be pulsed?"
  [129/276] https://forums.phoenixrising.me/threads/ldn-is-it-ok-to-forget-once-in-a-while.47989/
        OP + 6 replies over 1 page(s) — "LDN, is it ok to forget once in a while?"
  [130/276] https://forums.phoenixrising.me/threads/ldn-is-teva-barr-the-best-brand.38319/
        OP + 4 replies over 1 page(s) — "LDN - Is TEVA/Barr the best brand?"
  [131/276] https://forums.phoenixrising.me/threads/ldn-issues.57124/
        OP + 1 replies over 1 page(s) — "LDN Issues?"
  [132/276] https://forums.phoenixrising.me/threads/ldn-less-side-effects-from-higher-dose.93424/
        OP + 4 replies over 1 page(s) — "LDN less side-effects from higher dose?"
  [133/276] https://forums.phoenixrising.me/threads/ldn-liquid-vs-pills.78583/
        OP + 2 replies over 1 page(s) — "LDN liquid vs pills?"
  [134/276] https://forums.phoenixrising.me/threads/ldn-making-me-jittery.28805/
        OP + 9 replies over 1 page(s) — "LDN Making me jittery"
  [135/276] https://forums.phoenixrising.me/threads/ldn-making-my-chronic-yeast-problem-worse.44115/
        OP + 16 replies over 1 page(s) — "LDN making my chronic Yeast problem worse"
  [136/276] https://forums.phoenixrising.me/threads/ldn-making-symptoms-worse.86683/
        OP + 3 replies over 1 page(s) — "Ldn making symptoms worse"
  [137/276] https://forums.phoenixrising.me/threads/ldn-mode-of-action-is-concernring.12760/
        OP + 1 replies over 1 page(s) — "LDN - mode of action is concernring"
  [138/276] https://forums.phoenixrising.me/threads/ldn-mood-and-depression.84703/
        OP + 16 replies over 1 page(s) — "LDN - Mood and depression"
  [139/276] https://forums.phoenixrising.me/threads/ldn-naltrexone-side-effects.61107/
        OP + 21 replies over 2 page(s) — "LDN Naltrexone side effects"
  [140/276] https://forums.phoenixrising.me/threads/ldn-need-keywords-for-my-dr.75288/
        OP + 4 replies over 1 page(s) — "LDN - need keywords for my dr"
  [141/276] https://forums.phoenixrising.me/threads/ldn-okay-to-take-with-lunesta-zopiclone-imovane.21078/
        OP + 3 replies over 1 page(s) — "LDN okay to take with Lunesta/Zopiclone/Imovane?"
  [142/276] https://forums.phoenixrising.me/threads/ldn-on-the-nhs.62196/
        OP + 4 replies over 1 page(s) — "LDN on the NHS"
  [143/276] https://forums.phoenixrising.me/threads/ldn-opiate-responders-and-questions.42798/
        OP + 3 replies over 1 page(s) — "LDN, opiate responders, and questions"
  [144/276] https://forums.phoenixrising.me/threads/ldn-or-celebrex-for-inflammation.86718/
        OP + 0 replies over 1 page(s) — "LDN or Celebrex for inflammation"
  [145/276] https://forums.phoenixrising.me/threads/ldn-pictures-or-descriptions.34088/
        OP + 4 replies over 1 page(s) — "LDN pictures or descriptions"
  [146/276] https://forums.phoenixrising.me/threads/ldn-poll.81892/
        OP + 1 replies over 1 page(s) — "Ldn poll"
  [147/276] https://forums.phoenixrising.me/threads/ldn-prescriptions-uk-for-private-patients.83711/
        OP + 0 replies over 1 page(s) — "LDN Prescriptions UK for Private Patients"
  [148/276] https://forums.phoenixrising.me/threads/ldn-should-i-expect-worse-nighttime-pain.42935/
        OP + 15 replies over 1 page(s) — "LDN: Should I expect worse nighttime pain?"
  [149/276] https://forums.phoenixrising.me/threads/ldn-side-effects-other-than-insomnia.48469/
        OP + 5 replies over 1 page(s) — "LDN side effects other than insomnia?"
  [150/276] https://forums.phoenixrising.me/threads/ldn-start-at-4-5-mg.20618/
        OP + 4 replies over 1 page(s) — "LDN - start at 4,5 mg"
  [151/276] https://forums.phoenixrising.me/threads/ldn-stopped-working.60364/
        OP + 7 replies over 1 page(s) — "LDN Stopped working?"
  [152/276] https://forums.phoenixrising.me/threads/ldn-sublingual.82764/
        OP + 6 replies over 1 page(s) — "LDN sublingual"
  [153/276] https://forums.phoenixrising.me/threads/ldn-survey.23226/
        OP + 6 replies over 1 page(s) — "LDN Survey"
  [154/276] https://forums.phoenixrising.me/threads/ldn-vein-swelling.21376/
        OP + 5 replies over 1 page(s) — "LDN- Vein swelling"
  [155/276] https://forums.phoenixrising.me/threads/ldn-vid-really-cool-stuff.37466/
        OP + 0 replies over 1 page(s) — "LDN Vid. Really Cool stuff"
  [156/276] https://forums.phoenixrising.me/threads/ldn-video-petition.617/
        OP + 1 replies over 1 page(s) — "LDN Video & Petition"
  [157/276] https://forums.phoenixrising.me/threads/ldn-week-3.54908/
        OP + 11 replies over 1 page(s) — "LDN Week 3"
  [158/276] https://forums.phoenixrising.me/threads/ldn-weird-side-effects.60612/
        OP + 10 replies over 1 page(s) — "LDN weird side effects"
  [159/276] https://forums.phoenixrising.me/threads/ldn-what-is-it-for.14426/
        OP + 12 replies over 1 page(s) — "LDN, what is it for?"
  [160/276] https://forums.phoenixrising.me/threads/ldn-xmrv-antibodies.7321/
        OP + 16 replies over 1 page(s) — "LDN & XMRV Antibodies"
  [161/276] https://forums.phoenixrising.me/threads/ldn-yeast-treatments-and-methylation-treatments-running-strong-on-curetogether-com.10309/
        OP + 2 replies over 1 page(s) — "LDN, yeast treatments, and methylation treatments running st"
  [162/276] https://forums.phoenixrising.me/threads/ldn.24678/
        OP + 7 replies over 1 page(s) — "LDN?"
  [163/276] https://forums.phoenixrising.me/threads/ldn.39403/
        OP + 8 replies over 1 page(s) — "LDN"
  [164/276] https://forums.phoenixrising.me/threads/ldn.40045/
        OP + 11 replies over 1 page(s) — "LDN"
  [165/276] https://forums.phoenixrising.me/threads/ldn.41425/
        OP + 6 replies over 1 page(s) — "LDN"
  [166/276] https://forums.phoenixrising.me/threads/ldn.75443/
        OP + 2 replies over 1 page(s) — "LDN"
  [167/276] https://forums.phoenixrising.me/threads/low-done-naltrexone-affect-test-results.45305/
        OP + 12 replies over 1 page(s) — "Low done naltrexone affect test results?"
  [168/276] https://forums.phoenixrising.me/threads/low-dose-naltrexone-and-adrenal-function.15440/
        OP + 9 replies over 1 page(s) — "Low-Dose Naltrexone and Adrenal Function"
  [169/276] https://forums.phoenixrising.me/threads/low-dose-naltrexone-and-blurred-vision.39523/
        OP + 4 replies over 1 page(s) — "Low Dose Naltrexone and Blurred Vision?"
  [170/276] https://forums.phoenixrising.me/threads/low-dose-naltrexone-and-bp.57123/
        OP + 4 replies over 1 page(s) — "Low Dose Naltrexone and BP?"
  [171/276] https://forums.phoenixrising.me/threads/low-dose-naltrexone-and-th1-th2-confused.28943/
        OP + 15 replies over 1 page(s) — "Low-Dose Naltrexone and Th1/Th2 - Confused!"
  [172/276] https://forums.phoenixrising.me/threads/low-dose-naltrexone-anyone-in-the-uk.594/
        OP + 7 replies over 1 page(s) — "Low Dose Naltrexone - Anyone in the UK?"
  [173/276] https://forums.phoenixrising.me/threads/low-dose-naltrexone-bad-reaction-wth.27588/
        OP + 8 replies over 1 page(s) — "Low Dose Naltrexone Bad Reaction.  WTH?"
  [174/276] https://forums.phoenixrising.me/threads/low-dose-naltrexone-could-it-possibly-help-the-thirst-dehydration-issue-some-of-us-suffer-from.88592/
        OP + 13 replies over 1 page(s) — "Low Dose Naltrexone - Could it possibly help the thirst/dehy"
  [175/276] https://forums.phoenixrising.me/threads/low-dose-naltrexone-discussion-with-prime-minister.2586/
        OP + 14 replies over 1 page(s) — "Low Dose Naltrexone - Discussion with Prime Minister"
  [176/276] https://forums.phoenixrising.me/threads/low-dose-naltrexone-experimentation.55318/
        OP + 22 replies over 2 page(s) — "Low Dose Naltrexone Experimentation"
  [177/276] https://forums.phoenixrising.me/threads/low-dose-naltrexone-for-charcot-neuropathy.84310/
        OP + 6 replies over 1 page(s) — "Low dose naltrexone for Charcot Neuropathy"
  [178/276] https://forums.phoenixrising.me/threads/low-dose-naltrexone-help-for-ibs.2965/
        OP + 2 replies over 1 page(s) — "Low Dose Naltrexone - help for IBS?"
  [179/276] https://forums.phoenixrising.me/threads/low-dose-naltrexone-intramuscularly.61065/
        OP + 14 replies over 1 page(s) — "Low-dose naltrexone intramuscularly?"
  [180/276] https://forums.phoenixrising.me/threads/low-dose-naltrexone-is-the-treatment-i-hear-the-most-positive-stuff-about-among-pwmes-need-some-questions-answered-by-those-who-have-used-it.87713/
        OP + 51 replies over 3 page(s) — "Low Dose Naltrexone is the treatment I hear the most positiv"
  [181/276] https://forums.phoenixrising.me/threads/low-dose-naltrexone-ldn-and-compounding-pharmacies.10261/
        OP + 25 replies over 2 page(s) — "Low dose Naltrexone (LDN) and compounding pharmacies"
  [182/276] https://forums.phoenixrising.me/threads/low-dose-naltrexone-ldn-hows-it-working-for-you.4179/
        OP + 315 replies over 16 page(s) — "Low-dose naltrexone (LDN) - how's it working for you?"
  [183/276] https://forums.phoenixrising.me/threads/low-dose-naltrexone-ldn.8729/
        OP + 0 replies over 1 page(s) — "Low dose Naltrexone   LDN"
  [184/276] https://forums.phoenixrising.me/threads/low-dose-naltrexone-question-nk-cells-and-cd8.36586/
        OP + 5 replies over 1 page(s) — "Low Dose Naltrexone Question:  NK Cells and CD8"
  [185/276] https://forums.phoenixrising.me/threads/low-dose-naltrexone-restored-trpm3-ion-channel-function-in-natural-killer-cells-from-long-covid-patients-sasso-et-al-may-2025.93390/
        OP + 7 replies over 1 page(s) — "Low-Dose naltrexone restored TRPM3 ion channel function in n"
  [186/276] https://forums.phoenixrising.me/threads/low-dose-naltrexone-safer-alternative-to-ruituximab.32202/
        OP + 20 replies over 2 page(s) — "Low Dose Naltrexone Safer Alternative to Ruituximab?"
  [187/276] https://forums.phoenixrising.me/threads/low-dose-naltrexone-vs-kratom.50256/
        OP + 20 replies over 2 page(s) — "Low dose naltrexone vs. kratom"
  [188/276] https://forums.phoenixrising.me/threads/low-dose-naltrexone.292/
        OP + 1154 replies over 58 page(s) — "Low dose Naltrexone"
  [189/276] https://forums.phoenixrising.me/threads/low-dose-naltrexone.54826/
        OP + 18 replies over 1 page(s) — "Low-dose Naltrexone"
  [190/276] https://forums.phoenixrising.me/threads/low-tsh-graves-ldn-b12-intolerance.47105/
        OP + 23 replies over 2 page(s) — "Low TSH, Graves, LDN, B12 intolerance?"
  [191/276] https://forums.phoenixrising.me/threads/maybe-acetyl-lcarnitine-or-ldn-makes-apples-gives-me-energy.93321/
        OP + 4 replies over 1 page(s) — "Maybe acetyl-lcarnitine or ldn makes apples gives me energy"
  [192/276] https://forums.phoenixrising.me/threads/me-cfs-patient-makes-major-improvement-on-full-dose-naltrexone-50-mg-daily-rather-than-low-dose-naltrexone.92930/
        OP + 5 replies over 1 page(s) — "ME/CFS patient makes major improvement on full-dose naltrexo"
  [193/276] https://forums.phoenixrising.me/threads/mestinon-and-magnesium.79313/
        OP + 10 replies over 1 page(s) — "Mestinon and Magnesium?"
  [194/276] https://forums.phoenixrising.me/threads/mestinon-and-promethazine-together.92443/
        OP + 2 replies over 1 page(s) — "Mestinon and Promethazine together?"
  [195/276] https://forums.phoenixrising.me/threads/mestinon-famvir-whoa.55803/
        OP + 86 replies over 5 page(s) — "Mestinon + Famvir - whoa!"
  [196/276] https://forums.phoenixrising.me/threads/mestinon-growth-hormone.8458/
        OP + 10 replies over 1 page(s) — "mestinon/growth hormone"
  [197/276] https://forums.phoenixrising.me/threads/mestinon-pain-increase.76477/
        OP + 5 replies over 1 page(s) — "Mestinon - pain increase?"
  [198/276] https://forums.phoenixrising.me/threads/mestinon-side-effects.76360/
        OP + 8 replies over 1 page(s) — "Mestinon side effects?"
  [199/276] https://forums.phoenixrising.me/threads/mestinon-vs-ldn.78116/
        OP + 5 replies over 1 page(s) — "mestinon vs LDN"
  [200/276] https://forums.phoenixrising.me/threads/mestinon-why-start-with-one-dose-daily-and-not-4-small-dosages.62842/
        OP + 19 replies over 1 page(s) — "Mestinon – why start with one dose daily and not 4 small dos"
  [201/276] https://forums.phoenixrising.me/threads/mestinon.21483/
        OP + 63 replies over 4 page(s) — "Mestinon"
  [202/276] https://forums.phoenixrising.me/threads/mestinon.75824/
        OP + 48 replies over 3 page(s) — "Mestinon?"
  [203/276] https://forums.phoenixrising.me/threads/microglial-inhibition-by-ldn.33902/
        OP + 35 replies over 2 page(s) — "Microglial Inhibition by LDN."
  [204/276] https://forums.phoenixrising.me/threads/midodrine-vs-droxidopa-vs-mestinon.34035/
        OP + 66 replies over 4 page(s) — "Midodrine vs Droxidopa vs Mestinon"
  [205/276] https://forums.phoenixrising.me/threads/muscles-pain-weakness-cramps-diamox-vs-mestinon.56553/
        OP + 5 replies over 1 page(s) — "Muscles pain, weakness, cramps. Diamox vs Mestinon"
  [206/276] https://forums.phoenixrising.me/threads/naltrexone-caused-insomnia.55456/
        OP + 7 replies over 1 page(s) — "Naltrexone-caused Insomnia"
  [207/276] https://forums.phoenixrising.me/threads/naltrexone-for-weight-loss.5432/
        OP + 2 replies over 1 page(s) — "naltrexone for weight loss"
  [208/276] https://forums.phoenixrising.me/threads/naltrexone-in-the-uk.53768/
        OP + 11 replies over 1 page(s) — "Naltrexone in the UK"
  [209/276] https://forums.phoenixrising.me/threads/naltrexone-mixing-your-own.90403/
        OP + 11 replies over 1 page(s) — "Naltrexone.  Mixing your own!"
  [210/276] https://forums.phoenixrising.me/threads/naltrexone-nk-cells-and-the-calcium-ion-channel-research.78076/
        OP + 48 replies over 3 page(s) — "Naltrexone, NK cells and the calcium ion channel research"
  [211/276] https://forums.phoenixrising.me/threads/naltrexone-restores-impaired-transient-receptor-potential-melastatin-3-ion-channel-function-in-natural-killer-cells-from-me-cfs-patients.78394/
        OP + 13 replies over 1 page(s) — "Naltrexone Restores Impaired Transient Receptor Potential Me"
  [212/276] https://forums.phoenixrising.me/threads/naltrexone-source.26785/
        OP + 7 replies over 1 page(s) — "naltrexone source"
  [213/276] https://forums.phoenixrising.me/threads/naltrexone.77267/
        OP + 3 replies over 1 page(s) — "Naltrexone"
  [214/276] https://forums.phoenixrising.me/threads/naltrexone.93378/
        OP + 18 replies over 1 page(s) — "Naltrexone"
  [215/276] https://forums.phoenixrising.me/threads/need-advice-regarding-ldn.45232/
        OP + 22 replies over 2 page(s) — "Need Advice Regarding LDN..."
  [216/276] https://forums.phoenixrising.me/threads/neurovascular-dysregulation-and-acute-exercise-intolerance-in-me-cfs-a-randomized-placebo-controlled-trial-of-pyridostigmine-joseph-et-al-2022.87640/
        OP + 16 replies over 1 page(s) — "Neurovascular Dysregulation and Acute Exercise Intolerance i"
  [217/276] https://forums.phoenixrising.me/threads/new-clinical-trial-for-mestinon.75844/
        OP + 31 replies over 2 page(s) — "New clinical trial for Mestinon"
  [218/276] https://forums.phoenixrising.me/threads/new-compounded-ldn-making-me-really-jittery.29520/
        OP + 8 replies over 1 page(s) — "New compounded LDN making me really jittery"
  [219/276] https://forums.phoenixrising.me/threads/new-to-ldn-for-cfs-tolerance-where-to-get.46207/
        OP + 14 replies over 1 page(s) — "New to LDN for CFS... Tolerance? Where to get?"
  [220/276] https://forums.phoenixrising.me/threads/new-to-ldn.34317/
        OP + 28 replies over 2 page(s) — "New to LDN"
  [221/276] https://forums.phoenixrising.me/threads/omf-lift-trial-and-mestinon.92587/
        OP + 5 replies over 1 page(s) — "OMF LIFT trial and mestinon"
  [222/276] https://forums.phoenixrising.me/threads/opioids-and-ldn.93292/
        OP + 11 replies over 1 page(s) — "Opioids and LDN"
  [223/276] https://forums.phoenixrising.me/threads/phelojel-for-making-transdermal-ldn.10870/
        OP + 2 replies over 1 page(s) — "Phelojel for making transdermal LDN"
  [224/276] https://forums.phoenixrising.me/threads/poll-for-people-with-hashimotos-who-have-taken-ldn.41012/
        OP + 5 replies over 1 page(s) — "Poll for People with Hashimoto's Who Have Taken LDN"
  [225/276] https://forums.phoenixrising.me/threads/poll-mestinon-trial.57292/
        OP + 59 replies over 3 page(s) — "Poll: Mestinon Trial"
  [226/276] https://forums.phoenixrising.me/threads/potential-therapeutic-benefit-of-low-dose-naltrexone.84779/
        OP + 15 replies over 1 page(s) — "Potential therapeutic benefit of Low Dose Naltrexone"
  [227/276] https://forums.phoenixrising.me/threads/practical-pain-management-chronic-fatigue-syndrome-naltrexone-as-an-alternative-treatment.83406/
        OP + 6 replies over 1 page(s) — "Practical Pain Management: Chronic Fatigue Syndrome: Naltrex"
  [228/276] https://forums.phoenixrising.me/threads/preparing-ldn-yourself.42427/
        OP + 41 replies over 3 page(s) — "Preparing LDN yourself"
  [229/276] https://forums.phoenixrising.me/threads/problems-with-ldn-anyone-have-any-advice.50938/
        OP + 25 replies over 2 page(s) — "Problems with LDN-anyone have any advice?"
  [230/276] https://forums.phoenixrising.me/threads/prohealth-article-on-jarred-younger-low-dose-naltrexone-an-effective-treatment-for-me-cfs.44948/
        OP + 7 replies over 1 page(s) — "ProHealth article on Jarred Younger: "Low Dose Naltrexone - "
  [231/276] https://forums.phoenixrising.me/threads/pyridostigmine-mestinon-can-initiate-a-prolonged-neurodegeneration.78232/
        OP + 9 replies over 1 page(s) — ""Pyridostigmine (MESTINON) can initiate a prolonged neurodeg"
  [232/276] https://forums.phoenixrising.me/threads/pyridostigmine-mestinon-for-exercise-intolerance-treatment-in-preload-failure-conference-abstract.45708/
        OP + 5 replies over 1 page(s) — "Pyridostigmine [Mestinon] For Exercise Intolerance Treatment"
  [233/276] https://forums.phoenixrising.me/threads/pyridostigmine.14776/
        OP + 2 replies over 1 page(s) — "Pyridostigmine"
  [234/276] https://forums.phoenixrising.me/threads/q-for-those-with-muscular-pains-with-ldn.8968/
        OP + 1 replies over 1 page(s) — "Q for those with muscular pains with ldn"
  [235/276] https://forums.phoenixrising.me/threads/question-about-ivig-and-ldn.60516/
        OP + 8 replies over 1 page(s) — "Question about IVIG and LDN...."
  [236/276] https://forums.phoenixrising.me/threads/questions-about-mestinon-midodrine-and-florinef.59198/
        OP + 24 replies over 2 page(s) — "Questions about Mestinon, Midodrine, and Florinef"
  [237/276] https://forums.phoenixrising.me/threads/questions-about-starting-ldn.54920/
        OP + 12 replies over 1 page(s) — "Questions about starting LDN"
  [238/276] https://forums.phoenixrising.me/threads/questions-for-those-who-interrupted-ldn-naltrexone.77469/
        OP + 2 replies over 1 page(s) — "Questions for those who interrupted LDN naltrexone"
  [239/276] https://forums.phoenixrising.me/threads/ray-peat-on-naltrexone.93388/
        OP + 29 replies over 2 page(s) — "Ray Peat on Naltrexone"
  [240/276] https://forums.phoenixrising.me/threads/ready-to-give-up-on-ldn.46343/
        OP + 13 replies over 1 page(s) — "Ready to Give up on LDN"
  [241/276] https://forums.phoenixrising.me/threads/reasons-for-not-trying-ldn.39485/
        OP + 51 replies over 3 page(s) — "Reasons for not trying LDN"
  [242/276] https://forums.phoenixrising.me/threads/reduced-pro-inflammatory-cytokines-after-8-wks-of-ldn-for-fibro-4-2017-luke-parkitny-jarred-younger.50876/
        OP + 7 replies over 1 page(s) — "Reduced Pro-Inflammatory Cytokines after 8 Wks of LDN for Fi"
  [243/276] https://forums.phoenixrising.me/threads/removing-a-tooth-ldn.49974/
        OP + 2 replies over 1 page(s) — "Removing a tooth, LDN"
  [244/276] https://forums.phoenixrising.me/threads/repurposing-low-dose-naltrexone-for-the-prevention-and-treatment-of-immunothrombosis-in-covid-19.91071/
        OP + 5 replies over 1 page(s) — "Repurposing low-dose naltrexone for the prevention and treat"
  [245/276] https://forums.phoenixrising.me/threads/save-money-on-ldn-in-the-usa.75839/
        OP + 4 replies over 1 page(s) — "Save money on LDN in the USA."
  [246/276] https://forums.phoenixrising.me/threads/seeking-ldn-input.62136/
        OP + 8 replies over 1 page(s) — "Seeking LDN input"
  [247/276] https://forums.phoenixrising.me/threads/severe-ldn-side-effects-continuing-even-after-stopping-the-medication.91643/
        OP + 57 replies over 3 page(s) — "Severe LDN side effects continuing even after stopping the m"
  [248/276] https://forums.phoenixrising.me/threads/short-term-use-ldn-for-cfs-and-hashimotos.42402/
        OP + 3 replies over 1 page(s) — "Short term use LDN for CFS and Hashimoto's?"
  [249/276] https://forums.phoenixrising.me/threads/side-effect-or-filler-effect-of-ldn.30982/
        OP + 27 replies over 2 page(s) — "Side Effect or Filler Effect of LDN?"
  [250/276] https://forums.phoenixrising.me/threads/source-for-compounded-ldn-in-california.29391/
        OP + 11 replies over 1 page(s) — "Source for compounded LDN in California"
  [251/276] https://forums.phoenixrising.me/threads/started-valtrex-then-on-to-naltrexone-should-i-not-get-my-hopes-up.40213/
        OP + 19 replies over 1 page(s) — "Started Valtrex, then on to Naltrexone  -- should I not get "
  [252/276] https://forums.phoenixrising.me/threads/starting-ldn-does-it-work.28656/
        OP + 7 replies over 1 page(s) — "starting LDN. Does it work?"
  [253/276] https://forums.phoenixrising.me/threads/starting-ldn-morning-agitation.41211/
        OP + 17 replies over 1 page(s) — "Starting LDN - Morning Agitation"
  [254/276] https://forums.phoenixrising.me/threads/starting-ldn-tonight-any-suggestions.27525/
        OP + 11 replies over 1 page(s) — "Starting LDN tonight, any suggestions?"
  [255/276] https://forums.phoenixrising.me/threads/starting-low-dose-naltrexone-treatment-on-methylation-protocol.15582/
        OP + 10 replies over 1 page(s) — "Starting Low Dose Naltrexone treatment on methylation protoc"
  [256/276] https://forums.phoenixrising.me/threads/starting-mestinon-treatment-first-week-in-january-any-advice.62653/
        OP + 28 replies over 2 page(s) — "Starting Mestinon treatment first week in January - any advi"
  [257/276] https://forums.phoenixrising.me/threads/study-finds-naltrexone-has-no-serious-side-effects.62961/
        OP + 0 replies over 1 page(s) — "Study Finds Naltrexone Has No Serious Side Effects"
  [258/276] https://forums.phoenixrising.me/threads/successful-treatment-of-pots-and-mcas-using-ldn-ivig-and-antibiotic-treatment.57667/
        OP + 8 replies over 1 page(s) — "Successful treatment of POTS and MCAS using LDN, IVIG and an"
  [259/276] https://forums.phoenixrising.me/threads/support-with-pyridostigmine-and-midodrine.94303/
        OP + 6 replies over 1 page(s) — "Support with pyridostigmine and midodrine"
  [260/276] https://forums.phoenixrising.me/threads/taking-storing-liquid-ldn-questions.18403/
        OP + 4 replies over 1 page(s) — "Taking/storing liquid LDN questions"
  [261/276] https://forums.phoenixrising.me/threads/those-that-experience-a-reduction-in-symptoms-from-benzodiazepines-does-low-dose-naltrexone-also-help.88663/
        OP + 4 replies over 1 page(s) — "Those that experience a reduction in symptoms from Benzodiaz"
  [262/276] https://forums.phoenixrising.me/threads/thought-went-from-0-to-1-2-was-from-ldn-but-i-think-it-was-from-carbs.82424/
        OP + 10 replies over 1 page(s) — "Thought went from 0 to 1/2 was from ldn but i think it was f"
  [263/276] https://forums.phoenixrising.me/threads/titrating-naltrexone.45053/
        OP + 5 replies over 1 page(s) — "Titrating Naltrexone"
  [264/276] https://forums.phoenixrising.me/threads/tramadol-vs-ldn-and-long-term-side-effects-of-tramadol.32688/
        OP + 4 replies over 1 page(s) — "Tramadol vs LDN, and long-term side effects of Tramadol"
  [265/276] https://forums.phoenixrising.me/threads/trying-to-find-comment-on-where-i-bought-ldn.48540/
        OP + 6 replies over 1 page(s) — "Trying to find comment on where I bought LDN?"
  [266/276] https://forums.phoenixrising.me/threads/uk-low-dose-naltrexone-as-a-treatment-for-chronic-fatigue-syndrome-2020.83698/
        OP + 63 replies over 4 page(s) — "UK: Low-dose naltrexone as a treatment for chronic fatigue s"
  [267/276] https://forums.phoenixrising.me/threads/ultra-low-dose-naltrexone-plus-opioid-for-better-pain-relief.52351/
        OP + 6 replies over 1 page(s) — "Ultra Low Dose Naltrexone plus opioid for better pain relief"
  [268/276] https://forums.phoenixrising.me/threads/ultra-ultra-low-dose-naltrexone.38064/
        OP + 7 replies over 1 page(s) — "ultra ultra low dose naltrexone"
  [269/276] https://forums.phoenixrising.me/threads/update-low-dose-naltrexone-hellping-a-lot.15679/
        OP + 1 replies over 1 page(s) — "Update: Low Dose Naltrexone Hellping A Lot!!!"
  [270/276] https://forums.phoenixrising.me/threads/very-sick-on-ldn-what-to-do.26850/
        OP + 26 replies over 2 page(s) — "Very sick on LDN, what to do?"
  [271/276] https://forums.phoenixrising.me/threads/vitamin-d-may-be-vital-for-the-efficacy-of-low-dose-naltrexone-ldn.52487/
        OP + 21 replies over 2 page(s) — "Vitamin D may be vital for the efficacy of low-dose naltrexo"
  [272/276] https://forums.phoenixrising.me/threads/was-on-ldn-since-2009-weened-off-to-every-other-day-now-stopped-1-week.43664/
        OP + 9 replies over 1 page(s) — "Was on LDN since 2009, weened off to every other day, now st"
  [273/276] https://forums.phoenixrising.me/threads/weaning-off-ldn.19043/
        OP + 3 replies over 1 page(s) — "Weaning Off LDN"
  [274/276] https://forums.phoenixrising.me/threads/what-to-do-next-ldn-or-immunovir.34822/
        OP + 8 replies over 1 page(s) — "What to do next: LDN or immunovir"
  [275/276] https://forums.phoenixrising.me/threads/where-can-i-buy-ldn-without-a-filler.41273/
        OP + 21 replies over 2 page(s) — "Where can I buy LDN without a filler?"
  [276/276] https://forums.phoenixrising.me/threads/where-can-i-get-ldn-off-the-internet.10182/
        OP + 2 replies over 1 page(s) — "where can I get LDN off the internet?"
============================================================
  Done. 276 threads, 4806 replies.
  Posts : output/phoenixrising_posts.json
  Meta  : output/phoenixrising_metadata.json
============================================================
